jp/ac/u_tokyo/iis/space/optimization/algorithm/NeighborhoodIterator.class
jp/ac/u_tokyo/iis/space/optimization/algorithm/LocalSearchMethod.class
jp/ac/u_tokyo/iis/space/optimization/algorithm/TSPSolver.class
jp/ac/u_tokyo/iis/space/optimization/constraint/Constraint.class
jp/ac/u_tokyo/iis/space/optimization/problem/LinearProgrammingProblem$1.class
jp/ac/u_tokyo/iis/space/optimization/equation/ContinuousEquation.class
jp/ac/u_tokyo/iis/space/optimization/boundary/BoundaryCondition.class
jp/ac/u_tokyo/iis/space/optimization/algorithm/OptimizationAlgorithm.class
jp/ac/u_tokyo/iis/space/optimization/solution/DiscretizedSolution.class
jp/ac/u_tokyo/iis/space/optimization/problem/DiscretizedProblem.class
jp/ac/u_tokyo/iis/space/optimization/orientation/Orientation.class
jp/ac/u_tokyo/iis/space/optimization/problem/ContinuousProblem.class
jp/ac/u_tokyo/iis/space/optimization/solution/DoubleSolution.class
jp/ac/u_tokyo/iis/space/optimization/symbol/EquationSymbol.class
jp/ac/u_tokyo/iis/space/optimization/boundary/ContinuousBoundaryCondition.class
jp/ac/u_tokyo/iis/space/optimization/problem/OptimizationProblem.class
jp/ac/u_tokyo/iis/space/optimization/solution/ContinuousSolution.class
jp/ac/u_tokyo/iis/space/optimization/equation/LinearEquation.class
jp/ac/u_tokyo/iis/space/optimization/exception/UnfeasibleException.class
jp/ac/u_tokyo/iis/space/optimization/algorithm/ContinuousAlgorithm.class
jp/ac/u_tokyo/iis/space/optimization/boundary/NonnegativeCondition.class
jp/ac/u_tokyo/iis/space/optimization/solution/Solution.class
jp/ac/u_tokyo/iis/space/optimization/algorithm/DiscretizedAlgorithm.class
jp/ac/u_tokyo/iis/space/optimization/algorithm/SimplexMethod.class
jp/ac/u_tokyo/iis/space/optimization/problem/TravelingSalesmanProblem.class
jp/ac/u_tokyo/iis/space/optimization/function/DistanceCalculator.class
jp/ac/u_tokyo/iis/space/optimization/symbol/EquationSymbol$1.class
jp/ac/u_tokyo/iis/space/optimization/function/LinearFunction.class
jp/ac/u_tokyo/iis/space/optimization/algorithm/InsertionIterator.class
jp/ac/u_tokyo/iis/space/optimization/constraint/ContinuousConstraint.class
jp/ac/u_tokyo/iis/space/optimization/function/ContinuousFunction.class
jp/ac/u_tokyo/iis/space/optimization/solution/PermutationSolution.class
jp/ac/u_tokyo/iis/space/optimization/function/ObjectiveFunction.class
jp/ac/u_tokyo/iis/space/optimization/constraint/LinearConstraint.class
jp/ac/u_tokyo/iis/space/optimization/exception/UnboundedException.class
jp/ac/u_tokyo/iis/space/optimization/problem/LinearProgrammingProblem.class
jp/ac/u_tokyo/iis/space/optimization/equation/Equation.class
