jp/ac/u_tokyo/iis/space/optimization/function/AbstractContinuousFunction.class
jp/ac/u_tokyo/iis/space/optimization/dataset/AbstractDataset.class
jp/ac/u_tokyo/iis/space/optimization/problem/LinearProgrammingProblem$1.class
jp/ac/u_tokyo/iis/space/optimization/solution/AbstractContinuousSolution.class
jp/ac/u_tokyo/iis/space/optimization/boundary/AbstractBoundaryCondition.class
jp/ac/u_tokyo/iis/space/optimization/problem/AbstractContinuousOptimizationProblem.class
jp/ac/u_tokyo/iis/space/optimization/solution/DoubleSolution.class
jp/ac/u_tokyo/iis/space/optimization/function/AbstractObjectiveFunction.class
jp/ac/u_tokyo/iis/space/optimization/dataset/ContinuousDataset2D.class
jp/ac/u_tokyo/iis/space/optimization/problem/AbstractOptimizationProblem.class
jp/ac/u_tokyo/iis/space/optimization/main/Main.class
jp/ac/u_tokyo/iis/space/optimization/boundary/ContinuousBoundaryCondition.class
jp/ac/u_tokyo/iis/space/optimization/constraint/AbstractContinuousConstraint.class
jp/ac/u_tokyo/iis/space/optimization/equation/LinearEquation.class
jp/ac/u_tokyo/iis/space/optimization/exception/UnfeasibleException.class
jp/ac/u_tokyo/iis/space/optimization/dataset/ContinuousDataset1D.class
jp/ac/u_tokyo/iis/space/optimization/equation/AbstractEquation.class
jp/ac/u_tokyo/iis/space/optimization/boundary/NonnegativeCondition.class
jp/ac/u_tokyo/iis/space/optimization/algorithm/LeastSquareMethod.class
jp/ac/u_tokyo/iis/space/optimization/algorithm/SimplexMethod.class
jp/ac/u_tokyo/iis/space/optimization/equation/EquationSymbol.class
jp/ac/u_tokyo/iis/space/optimization/dataset/ContinuousDataset.class
jp/ac/u_tokyo/iis/space/optimization/algorithm/AbstractOptimizationAlgorithm.class
jp/ac/u_tokyo/iis/space/optimization/function/LinearFunction.class
jp/ac/u_tokyo/iis/space/optimization/constraint/LinearConstraint.class
jp/ac/u_tokyo/iis/space/optimization/exception/UnboundedException.class
jp/ac/u_tokyo/iis/space/optimization/constraint/AbstractConstraint.class
jp/ac/u_tokyo/iis/space/optimization/equation/EquationSymbol$1.class
jp/ac/u_tokyo/iis/space/optimization/problem/LinearProgrammingProblem.class
jp/ac/u_tokyo/iis/space/optimization/main/ScatterAndLineChart.class
