/Users/Kota/JAVA/optimization/src/main/java/jp/ac/u_tokyo/iis/space/optimization/problem/AbstractContinuousOptimizationProblem.java
/Users/Kota/JAVA/optimization/src/main/java/jp/ac/u_tokyo/iis/space/optimization/problem/LinearProgrammingProblem.java
/Users/Kota/JAVA/optimization/src/main/java/jp/ac/u_tokyo/iis/space/optimization/constraint/AbstractEquation.java
/Users/Kota/JAVA/optimization/src/main/java/jp/ac/u_tokyo/iis/space/optimization/dataset/AbstractDataset.java
/Users/Kota/JAVA/optimization/src/main/java/jp/ac/u_tokyo/iis/space/optimization/function/AbstractObjectiveFunction.java
/Users/Kota/JAVA/optimization/src/main/java/jp/ac/u_tokyo/iis/space/optimization/solution/AbstractContinuousSolution.java
/Users/Kota/JAVA/optimization/src/main/java/jp/ac/u_tokyo/iis/space/optimization/main/Main.java
/Users/Kota/JAVA/optimization/src/main/java/jp/ac/u_tokyo/iis/space/optimization/algorithm/AbstractOptimizationAlgorithm.java
/Users/Kota/JAVA/optimization/src/main/java/jp/ac/u_tokyo/iis/space/optimization/dataset/ContinuousDataset.java
/Users/Kota/JAVA/optimization/src/main/java/jp/ac/u_tokyo/iis/space/optimization/function/LinearFunction.java
/Users/Kota/JAVA/optimization/src/main/java/jp/ac/u_tokyo/iis/space/optimization/solution/DoubleSolution.java
/Users/Kota/JAVA/optimization/src/main/java/jp/ac/u_tokyo/iis/space/optimization/constraint/LinearEquation.java
/Users/Kota/JAVA/optimization/src/main/java/jp/ac/u_tokyo/iis/space/optimization/dataset/ContinuousDataset1D.java
/Users/Kota/JAVA/optimization/src/main/java/jp/ac/u_tokyo/iis/space/optimization/problem/AbstractOptimizationProblem.java
/Users/Kota/JAVA/optimization/src/main/java/jp/ac/u_tokyo/iis/space/optimization/constraint/LinearConstraint.java
/Users/Kota/JAVA/optimization/src/main/java/jp/ac/u_tokyo/iis/space/optimization/constraint/AbstractContinuousConstraint.java
/Users/Kota/JAVA/optimization/src/main/java/jp/ac/u_tokyo/iis/space/optimization/function/AbstractContinuousFunction.java
/Users/Kota/JAVA/optimization/src/main/java/jp/ac/u_tokyo/iis/space/optimization/main/ScatterAndLineChart.java
/Users/Kota/JAVA/optimization/src/main/java/jp/ac/u_tokyo/iis/space/optimization/constraint/AbstractConstraint.java
/Users/Kota/JAVA/optimization/src/main/java/jp/ac/u_tokyo/iis/space/optimization/dataset/ContinuousDataset2D.java
/Users/Kota/JAVA/optimization/src/main/java/jp/ac/u_tokyo/iis/space/optimization/algorithm/SimplexMethod.java
/Users/Kota/JAVA/optimization/src/main/java/jp/ac/u_tokyo/iis/space/optimization/algorithm/LeastSquareMethod.java
/Users/Kota/JAVA/optimization/src/main/java/jp/ac/u_tokyo/iis/space/optimization/constraint/EquationSymbol.java
