/Users/Kota/JAVA/optimization/src/main/java/jp/ac/u_tokyo/iis/space/optimization/problem/TravelingSalesmanProblem.java
/Users/Kota/JAVA/optimization/src/main/java/jp/ac/u_tokyo/iis/space/optimization/problem/LinearProgrammingProblem.java
/Users/Kota/JAVA/optimization/src/main/java/jp/ac/u_tokyo/iis/space/optimization/solution/ContinuousSolution.java
/Users/Kota/JAVA/optimization/src/main/java/jp/ac/u_tokyo/iis/space/optimization/problem/OptimizationProblem.java
/Users/Kota/JAVA/optimization/src/main/java/jp/ac/u_tokyo/iis/space/optimization/function/ContinuousFunction.java
/Users/Kota/JAVA/optimization/src/main/java/jp/ac/u_tokyo/iis/space/optimization/solution/DiscretizedSolution.java
/Users/Kota/JAVA/optimization/src/main/java/jp/ac/u_tokyo/iis/space/optimization/boundary/NonnegativeCondition.java
/Users/Kota/JAVA/optimization/src/main/java/jp/ac/u_tokyo/iis/space/optimization/equation/Equation.java
/Users/Kota/JAVA/optimization/src/main/java/jp/ac/u_tokyo/iis/space/optimization/problem/DiscretizedProblem.java
/Users/Kota/JAVA/optimization/src/main/java/jp/ac/u_tokyo/iis/space/optimization/function/LinearFunction.java
/Users/Kota/JAVA/optimization/src/main/java/jp/ac/u_tokyo/iis/space/optimization/algorithm/TSPSolver.java
/Users/Kota/JAVA/optimization/src/main/java/jp/ac/u_tokyo/iis/space/optimization/algorithm/NeighborhoodIterator.java
/Users/Kota/JAVA/optimization/src/main/java/jp/ac/u_tokyo/iis/space/optimization/solution/Solution.java
/Users/Kota/JAVA/optimization/src/main/java/jp/ac/u_tokyo/iis/space/optimization/boundary/ContinuousBoundaryCondition.java
/Users/Kota/JAVA/optimization/src/main/java/jp/ac/u_tokyo/iis/space/optimization/exception/UnfeasibleException.java
/Users/Kota/JAVA/optimization/src/main/java/jp/ac/u_tokyo/iis/space/optimization/equation/ContinuousEquation.java
/Users/Kota/JAVA/optimization/src/main/java/jp/ac/u_tokyo/iis/space/optimization/problem/ContinuousProblem.java
/Users/Kota/JAVA/optimization/src/main/java/jp/ac/u_tokyo/iis/space/optimization/algorithm/ContinuousAlgorithm.java
/Users/Kota/JAVA/optimization/src/main/java/jp/ac/u_tokyo/iis/space/optimization/algorithm/OptimizationAlgorithm.java
/Users/Kota/JAVA/optimization/src/main/java/jp/ac/u_tokyo/iis/space/optimization/function/ObjectiveFunction.java
/Users/Kota/JAVA/optimization/src/main/java/jp/ac/u_tokyo/iis/space/optimization/exception/UnboundedException.java
/Users/Kota/JAVA/optimization/src/main/java/jp/ac/u_tokyo/iis/space/optimization/boundary/BoundaryCondition.java
/Users/Kota/JAVA/optimization/src/main/java/jp/ac/u_tokyo/iis/space/optimization/algorithm/LocalSearchMethod.java
/Users/Kota/JAVA/optimization/src/main/java/jp/ac/u_tokyo/iis/space/optimization/constraint/Constraint.java
/Users/Kota/JAVA/optimization/src/main/java/jp/ac/u_tokyo/iis/space/optimization/algorithm/InsertionIterator.java
/Users/Kota/JAVA/optimization/src/main/java/jp/ac/u_tokyo/iis/space/optimization/equation/LinearEquation.java
/Users/Kota/JAVA/optimization/src/main/java/jp/ac/u_tokyo/iis/space/optimization/constraint/ContinuousConstraint.java
/Users/Kota/JAVA/optimization/src/main/java/jp/ac/u_tokyo/iis/space/optimization/symbol/EquationSymbol.java
/Users/Kota/JAVA/optimization/src/main/java/jp/ac/u_tokyo/iis/space/optimization/solution/PermutationSolution.java
/Users/Kota/JAVA/optimization/src/main/java/jp/ac/u_tokyo/iis/space/optimization/solution/DoubleSolution.java
/Users/Kota/JAVA/optimization/src/main/java/jp/ac/u_tokyo/iis/space/optimization/orientation/Orientation.java
/Users/Kota/JAVA/optimization/src/main/java/jp/ac/u_tokyo/iis/space/optimization/function/DistanceCalculator.java
/Users/Kota/JAVA/optimization/src/main/java/jp/ac/u_tokyo/iis/space/optimization/constraint/LinearConstraint.java
/Users/Kota/JAVA/optimization/src/main/java/jp/ac/u_tokyo/iis/space/optimization/algorithm/DiscretizedAlgorithm.java
/Users/Kota/JAVA/optimization/src/main/java/jp/ac/u_tokyo/iis/space/optimization/algorithm/SimplexMethod.java
